Time slot 0:
YES: pa1 pa2 
NO: 
IF_NECESSARY: pa3 
###
Time slot 2:
YES: 
NO: pa2 
IF_NECESSARY: pa1 pa3 
###
Time slot 1:
YES: pa2 
NO: pa1 pa3 
IF_NECESSARY: 
###
